<?php return array (
  0 => 'Symfony\\Bundle\\FrameworkBundle\\Controller\\AbstractController',
  1 => 'App\\Controller\\AdminController',
  2 => 'App\\Controller\\ArticleController',
  3 => 'App\\Controller\\CategoryController',
  4 => 'App\\Controller\\CommentController',
  5 => 'App\\Controller\\ContactController',
  6 => 'App\\Controller\\HomeController',
  7 => 'App\\Controller\\LinkController',
  8 => 'App\\Controller\\MainController',
  9 => 'App\\Controller\\RegistrationController',
  10 => 'App\\Controller\\ResetPasswordController',
  11 => 'App\\Controller\\RssController',
  12 => 'App\\Controller\\SearchController',
  13 => 'App\\Controller\\SecurityController',
  14 => 'App\\Controller\\SitemapController',
  15 => 'App\\Controller\\TagController',
  16 => 'App\\Controller\\UserController',
  17 => 'App\\Entity\\Article',
  18 => 'App\\Entity\\Category',
  19 => 'App\\Entity\\Comment',
  20 => 'App\\Entity\\Link',
  21 => 'App\\Entity\\ResetPasswordRequest',
  22 => 'App\\Entity\\Tag',
  23 => 'App\\Entity\\User',
  24 => 'Doctrine\\Bundle\\DoctrineBundle\\Controller\\ProfilerController',
  25 => 'Doctrine\\ORM\\Cache\\Persister\\Entity\\AbstractEntityPersister',
  26 => 'Doctrine\\ORM\\Cache\\Persister\\Entity\\CachedEntityPersister',
  27 => 'Doctrine\\ORM\\Cache\\Persister\\Entity\\NonStrictReadWriteCachedEntityPersister',
  28 => 'Doctrine\\ORM\\Cache\\Persister\\Entity\\ReadOnlyCachedEntityPersister',
  29 => 'Doctrine\\ORM\\Cache\\Persister\\Entity\\ReadWriteCachedEntityPersister',
  30 => 'Doctrine\\ORM\\Persisters\\Entity\\AbstractEntityInheritancePersister',
  31 => 'Doctrine\\ORM\\Persisters\\Entity\\BasicEntityPersister',
  32 => 'Doctrine\\ORM\\Persisters\\Entity\\CachedPersisterContext',
  33 => 'Doctrine\\ORM\\Persisters\\Entity\\EntityPersister',
  34 => 'Doctrine\\ORM\\Persisters\\Entity\\JoinedSubclassPersister',
  35 => 'Doctrine\\ORM\\Persisters\\Entity\\SingleTablePersister',
  36 => 'FM\\ElfinderBundle\\Controller\\ElFinderController',
  37 => 'Gedmo\\Loggable\\Entity\\LogEntry',
  38 => 'Gedmo\\Loggable\\Entity\\MappedSuperclass\\AbstractLogEntry',
  39 => 'Gedmo\\Loggable\\Entity\\Repository\\LogEntryRepository',
  40 => 'Gedmo\\Sortable\\Entity\\Repository\\SortableRepository',
  41 => 'Gedmo\\Translatable\\Entity\\MappedSuperclass\\AbstractPersonalTranslation',
  42 => 'Gedmo\\Translatable\\Entity\\MappedSuperclass\\AbstractTranslation',
  43 => 'Gedmo\\Translatable\\Entity\\Repository\\TranslationRepository',
  44 => 'Gedmo\\Translatable\\Entity\\Translation',
  45 => 'Gedmo\\Translator\\Entity\\Translation',
  46 => 'Gedmo\\Tree\\Entity\\MappedSuperclass\\AbstractClosure',
  47 => 'Gedmo\\Tree\\Entity\\Repository\\AbstractTreeRepository',
  48 => 'Gedmo\\Tree\\Entity\\Repository\\ClosureTreeRepository',
  49 => 'Gedmo\\Tree\\Entity\\Repository\\MaterializedPathRepository',
  50 => 'Gedmo\\Tree\\Entity\\Repository\\NestedTreeRepository',
  51 => 'Gregwar\\CaptchaBundle\\Controller\\CaptchaController',
  52 => 'SymfonyCasts\\Bundle\\ResetPassword\\Controller\\ResetPasswordControllerTrait',
  54 => 'Symfony\\Bundle\\FrameworkBundle\\Controller\\ControllerResolver',
  55 => 'Symfony\\Bundle\\FrameworkBundle\\Controller\\RedirectController',
  56 => 'Symfony\\Bundle\\FrameworkBundle\\Controller\\TemplateController',
  57 => 'Symfony\\Bundle\\WebProfilerBundle\\Controller\\ExceptionPanelController',
  58 => 'Symfony\\Bundle\\WebProfilerBundle\\Controller\\ProfilerController',
  59 => 'Symfony\\Bundle\\WebProfilerBundle\\Controller\\RouterController',
  60 => 'Symfony\\Component\\HttpKernel\\Controller\\ArgumentResolver',
  61 => 'Symfony\\Component\\HttpKernel\\Controller\\ArgumentResolverInterface',
  62 => 'Symfony\\Component\\HttpKernel\\Controller\\ArgumentResolver\\DefaultValueResolver',
  63 => 'Symfony\\Component\\HttpKernel\\Controller\\ArgumentResolver\\NotTaggedControllerValueResolver',
  64 => 'Symfony\\Component\\HttpKernel\\Controller\\ArgumentResolver\\RequestAttributeValueResolver',
  65 => 'Symfony\\Component\\HttpKernel\\Controller\\ArgumentResolver\\RequestValueResolver',
  66 => 'Symfony\\Component\\HttpKernel\\Controller\\ArgumentResolver\\ServiceValueResolver',
  67 => 'Symfony\\Component\\HttpKernel\\Controller\\ArgumentResolver\\SessionValueResolver',
  68 => 'Symfony\\Component\\HttpKernel\\Controller\\ArgumentResolver\\TraceableValueResolver',
  69 => 'Symfony\\Component\\HttpKernel\\Controller\\ArgumentResolver\\VariadicValueResolver',
  70 => 'Symfony\\Component\\HttpKernel\\Controller\\ArgumentValueResolverInterface',
  71 => 'Symfony\\Component\\HttpKernel\\Controller\\ContainerControllerResolver',
  72 => 'Symfony\\Component\\HttpKernel\\Controller\\ControllerReference',
  73 => 'Symfony\\Component\\HttpKernel\\Controller\\ControllerResolver',
  74 => 'Symfony\\Component\\HttpKernel\\Controller\\ControllerResolverInterface',
  75 => 'Symfony\\Component\\HttpKernel\\Controller\\ErrorController',
  76 => 'Symfony\\Component\\HttpKernel\\Controller\\TraceableArgumentResolver',
  77 => 'Symfony\\Component\\HttpKernel\\Controller\\TraceableControllerResolver',
  78 => 'Symfony\\Component\\Security\\Http\\Controller\\UserValueResolver',
);